// Jest Snapshot v1, https://goo.gl/fbAQLP

exports[`<HomeScreen /> renders correctly 1`] = `
<View
  accessibilityIgnoresInvertColors={true}
  style={
    Object {
      "alignItems": "center",
      "flex": 1,
      "justifyContent": "flex-end",
    }
  }
>
  <Image
    blurRadius={0.8}
    source={1}
    style={
      Array [
        Object {
          "bottom": 0,
          "left": 0,
          "position": "absolute",
          "right": 0,
          "top": 0,
        },
        Object {
          "height": undefined,
          "width": undefined,
        },
        undefined,
      ]
    }
  />
  <View
    style={
      Object {
        "alignItems": "center",
        "position": "absolute",
        "top": 1,
      }
    }
  >
    <Image
      source={1}
      style={
        Object {
          "height": 180,
          "width": 300,
        }
      }
    />
    <Text
      style={
        Object {
          "color": "deepskyblue",
          "fontSize": 16,
          "fontWeight": "bold",
          "paddingVertical": 1,
        }
      }
    >
      Synthesize Long Texts
    </Text>
  </View>
  <View
    style={
      Object {
        "padding": 20,
        "width": "100%",
      }
    }
  >
    <View
      accessible={true}
      focusable={true}
      onClick={[Function]}
      onResponderGrant={[Function]}
      onResponderMove={[Function]}
      onResponderRelease={[Function]}
      onResponderTerminate={[Function]}
      onResponderTerminationRequest={[Function]}
      onStartShouldSetResponder={[Function]}
      style={
        Object {
          "alignItems": "center",
          "backgroundColor": "deepskyblue",
          "borderRadius": 25,
          "justifyContent": "center",
          "marginVertical": 10,
          "opacity": 1,
          "padding": 10,
          "width": "100%",
        }
      }
    >
      <Text
        style={
          Object {
            "color": "#fff",
            "fontSize": 15,
            "fontWeight": "bold",
            "textTransform": "uppercase",
          }
        }
      >
        Login
      </Text>
    </View>
    <View
      accessible={true}
      focusable={true}
      onClick={[Function]}
      onResponderGrant={[Function]}
      onResponderMove={[Function]}
      onResponderRelease={[Function]}
      onResponderTerminate={[Function]}
      onResponderTerminationRequest={[Function]}
      onStartShouldSetResponder={[Function]}
      style={
        Object {
          "alignItems": "center",
          "backgroundColor": "grey",
          "borderRadius": 25,
          "justifyContent": "center",
          "marginVertical": 10,
          "opacity": 1,
          "padding": 10,
          "width": "100%",
        }
      }
    >
      <Text
        style={
          Object {
            "color": "#fff",
            "fontSize": 15,
            "fontWeight": "bold",
            "textTransform": "uppercase",
          }
        }
      >
        Register
      </Text>
    </View>
  </View>
</View>
`;
