// Jest Snapshot v1, https://goo.gl/fbAQLP

exports[`<SettingsScreen /> renders correctly 1`] = `
<View
  style={
    Object {
      "alignItems": "center",
      "flex": 1,
      "justifyContent": "center",
    }
  }
>
  <Text
    style={
      Object {
        "fontSize": 16,
        "fontWeight": "700",
      }
    }
  >
    Settings Screen
  </Text>
</View>
`;
