// Jest Snapshot v1, https://goo.gl/fbAQLP

exports[`<ActivityIndicator /> renders correctly 1`] = `null`;
