// Jest Snapshot v1, https://goo.gl/fbAQLP

exports[`<AppText /> renders correctly 1`] = `
<Text
  style={
    Array [
      Object {
        "color": "#0c0c0c",
        "fontFamily": "Avenir",
        "fontSize": 18,
      },
      undefined,
    ]
  }
/>
`;
